<?xml version="1.0"?>
<link_info>
   <banner>TI ARM Linker PC v16.9.0.LTS</banner>
   <copyright>Copyright (c) 1996-2015 Texas Instruments Incorporated</copyright>
   <link_time>0x58a4e996</link_time>
   <link_errors>0x0</link_errors>
   <output_file>Lab2.out</output_file>
   <entry_point>
      <name>_c_int00</name>
      <address>0x3a5</address>
   </entry_point>
   <input_file_list>
      <input_file id="fl-2">
         <path>.\</path>
         <kind>object</kind>
         <file>InputOutput.obj</file>
         <name>InputOutput.obj</name>
      </input_file>
      <input_file id="fl-3">
         <path>.\</path>
         <kind>object</kind>
         <file>msp432_startup_ccs.obj</file>
         <name>msp432_startup_ccs.obj</name>
      </input_file>
      <input_file id="fl-bd">
         <path>C:\ti\ccsv7\tools\compiler\ti-cgt-arm_16.9.0.LTS\lib\</path>
         <kind>archive</kind>
         <file>rtsv7M4_T_le_v4SPD16_eabi.lib</file>
         <name>boot.obj</name>
      </input_file>
      <input_file id="fl-be">
         <path>C:\ti\ccsv7\tools\compiler\ti-cgt-arm_16.9.0.LTS\lib\</path>
         <kind>archive</kind>
         <file>rtsv7M4_T_le_v4SPD16_eabi.lib</file>
         <name>exit.obj</name>
      </input_file>
      <input_file id="fl-bf">
         <path>C:\ti\ccsv7\tools\compiler\ti-cgt-arm_16.9.0.LTS\lib\</path>
         <kind>archive</kind>
         <file>rtsv7M4_T_le_v4SPD16_eabi.lib</file>
         <name>mpu_init.obj</name>
      </input_file>
      <input_file id="fl-c0">
         <path>C:\ti\ccsv7\tools\compiler\ti-cgt-arm_16.9.0.LTS\lib\</path>
         <kind>archive</kind>
         <file>rtsv7M4_T_le_v4SPD16_eabi.lib</file>
         <name>pre_init.obj</name>
      </input_file>
      <input_file id="fl-c1">
         <path>C:\ti\ccsv7\tools\compiler\ti-cgt-arm_16.9.0.LTS\lib\</path>
         <kind>archive</kind>
         <file>rtsv7M4_T_le_v4SPD16_eabi.lib</file>
         <name>stkdepth_vars.obj</name>
      </input_file>
      <input_file id="fl-c2">
         <path>C:\ti\ccsv7\tools\compiler\ti-cgt-arm_16.9.0.LTS\lib\</path>
         <kind>archive</kind>
         <file>rtsv7M4_T_le_v4SPD16_eabi.lib</file>
         <name>_lock.obj</name>
      </input_file>
      <input_file id="fl-c3">
         <path>C:\ti\ccsv7\tools\compiler\ti-cgt-arm_16.9.0.LTS\lib\</path>
         <kind>archive</kind>
         <file>rtsv7M4_T_le_v4SPD16_eabi.lib</file>
         <name>args_main.obj</name>
      </input_file>
      <input_file id="fl-c4">
         <path>C:\ti\ccsv7\tools\compiler\ti-cgt-arm_16.9.0.LTS\lib\</path>
         <kind>archive</kind>
         <file>rtsv7M4_T_le_v4SPD16_eabi.lib</file>
         <name>autoinit.obj</name>
      </input_file>
      <input_file id="fl-c5">
         <path>C:\ti\ccsv7\tools\compiler\ti-cgt-arm_16.9.0.LTS\lib\</path>
         <kind>archive</kind>
         <file>rtsv7M4_T_le_v4SPD16_eabi.lib</file>
         <name>cpy_tbl.obj</name>
      </input_file>
      <input_file id="fl-c6">
         <path>C:\ti\ccsv7\tools\compiler\ti-cgt-arm_16.9.0.LTS\lib\</path>
         <kind>archive</kind>
         <file>rtsv7M4_T_le_v4SPD16_eabi.lib</file>
         <name>memcpy_t2.obj</name>
      </input_file>
      <input_file id="fl-c7">
         <path>C:\ti\ccsv7\tools\compiler\ti-cgt-arm_16.9.0.LTS\lib\</path>
         <kind>archive</kind>
         <file>rtsv7M4_T_le_v4SPD16_eabi.lib</file>
         <name>startup.obj</name>
      </input_file>
   </input_file_list>
   <object_component_list>
      <object_component id="oc-10">
         <name>.intvecs</name>
         <load_address>0x0</load_address>
         <run_address>0x0</run_address>
         <size>0x144</size>
         <input_file_ref idref="fl-3"/>
      </object_component>
      <object_component id="oc-5d">
         <name>.text</name>
         <load_address>0x144</load_address>
         <run_address>0x144</run_address>
         <size>0xb8</size>
         <input_file_ref idref="fl-2"/>
      </object_component>
      <object_component id="oc-6f">
         <name>.text</name>
         <load_address>0x1fc</load_address>
         <run_address>0x1fc</run_address>
         <size>0x9c</size>
         <input_file_ref idref="fl-c6"/>
      </object_component>
      <object_component id="oc-15">
         <name>.text</name>
         <load_address>0x298</load_address>
         <run_address>0x298</run_address>
         <size>0x9a</size>
         <input_file_ref idref="fl-3"/>
      </object_component>
      <object_component id="oc-2b">
         <name>.text</name>
         <load_address>0x332</load_address>
         <run_address>0x332</run_address>
         <size>0x2</size>
         <input_file_ref idref="fl-bf"/>
      </object_component>
      <object_component id="oc-37">
         <name>.text</name>
         <load_address>0x334</load_address>
         <run_address>0x334</run_address>
         <size>0x70</size>
         <input_file_ref idref="fl-c4"/>
      </object_component>
      <object_component id="oc-1e">
         <name>.text</name>
         <load_address>0x3a4</load_address>
         <run_address>0x3a4</run_address>
         <size>0x54</size>
         <input_file_ref idref="fl-bd"/>
      </object_component>
      <object_component id="oc-43">
         <name>.text</name>
         <load_address>0x3f8</load_address>
         <run_address>0x3f8</run_address>
         <size>0x54</size>
         <input_file_ref idref="fl-be"/>
      </object_component>
      <object_component id="oc-4f">
         <name>.text</name>
         <load_address>0x44c</load_address>
         <run_address>0x44c</run_address>
         <size>0x4c</size>
         <input_file_ref idref="fl-c5"/>
      </object_component>
      <object_component id="oc-3d">
         <name>.text</name>
         <load_address>0x498</load_address>
         <run_address>0x498</run_address>
         <size>0x18</size>
         <input_file_ref idref="fl-c3"/>
      </object_component>
      <object_component id="oc-8d">
         <name>.text</name>
         <load_address>0x4b0</load_address>
         <run_address>0x4b0</run_address>
         <size>0x14</size>
         <input_file_ref idref="fl-c2"/>
      </object_component>
      <object_component id="oc-31">
         <name>.text</name>
         <load_address>0x4c4</load_address>
         <run_address>0x4c4</run_address>
         <size>0x4</size>
         <input_file_ref idref="fl-c0"/>
      </object_component>
      <object_component id="oc-55">
         <name>.text</name>
         <load_address>0x4c8</load_address>
         <run_address>0x4c8</run_address>
         <size>0x2</size>
         <input_file_ref idref="fl-c7"/>
      </object_component>
      <object_component id="oc-64">
         <name>.data:$O1$$</name>
         <load_address>0x20000000</load_address>
         <run_address>0x20000000</run_address>
         <size>0xc</size>
         <input_file_ref idref="fl-be"/>
      </object_component>
      <object_component id="oc-67">
         <name>.data:$O1$$</name>
         <load_address>0x2000000c</load_address>
         <run_address>0x2000000c</run_address>
         <size>0x8</size>
         <input_file_ref idref="fl-c2"/>
      </object_component>
      <object_component id="oc-49">
         <name>.data</name>
         <load_address>0x20000014</load_address>
         <run_address>0x20000014</run_address>
         <size>0x4</size>
         <input_file_ref idref="fl-c1"/>
      </object_component>
      <object_component id="oc-14">
         <name>.stack</name>
         <uninitialized>true</uninitialized>
         <run_address>0x20010000</run_address>
         <size>0x0</size>
         <input_file_ref idref="fl-bd"/>
      </object_component>
      <object_component id="oc-ce">
         <name>.stack</name>
         <uninitialized>true</uninitialized>
         <run_address>0x20010000</run_address>
         <size>0x0</size>
      </object_component>
      <object_component id="oc-5e">
         <name>.debug_info</name>
         <load_address>0x0</load_address>
         <run_address>0x0</run_address>
         <size>0x193</size>
         <input_file_ref idref="fl-2"/>
      </object_component>
      <object_component id="oc-1d">
         <name>.debug_info</name>
         <load_address>0x193</load_address>
         <run_address>0x193</run_address>
         <size>0xee</size>
         <input_file_ref idref="fl-3"/>
      </object_component>
      <object_component id="oc-11">
         <name>.debug_info</name>
         <load_address>0x281</load_address>
         <run_address>0x281</run_address>
         <size>0xe1</size>
         <input_file_ref idref="fl-3"/>
      </object_component>
      <object_component id="oc-17">
         <name>.debug_info</name>
         <load_address>0x362</load_address>
         <run_address>0x362</run_address>
         <size>0x168d</size>
         <input_file_ref idref="fl-3"/>
      </object_component>
      <object_component id="oc-26">
         <name>.debug_info</name>
         <load_address>0x19ef</load_address>
         <run_address>0x19ef</run_address>
         <size>0x84</size>
         <input_file_ref idref="fl-3"/>
      </object_component>
      <object_component id="oc-20">
         <name>.debug_info</name>
         <load_address>0x1a73</load_address>
         <run_address>0x1a73</run_address>
         <size>0x160</size>
         <input_file_ref idref="fl-bd"/>
      </object_component>
      <object_component id="oc-6b">
         <name>.debug_info</name>
         <load_address>0x1bd3</load_address>
         <run_address>0x1bd3</run_address>
         <size>0x234</size>
         <input_file_ref idref="fl-be"/>
      </object_component>
      <object_component id="oc-65">
         <name>.debug_info</name>
         <load_address>0x1e07</load_address>
         <run_address>0x1e07</run_address>
         <size>0x185</size>
         <input_file_ref idref="fl-be"/>
      </object_component>
      <object_component id="oc-45">
         <name>.debug_info</name>
         <load_address>0x1f8c</load_address>
         <run_address>0x1f8c</run_address>
         <size>0x214</size>
         <input_file_ref idref="fl-be"/>
      </object_component>
      <object_component id="oc-2c">
         <name>.debug_info</name>
         <load_address>0x21a0</load_address>
         <run_address>0x21a0</run_address>
         <size>0x138</size>
         <input_file_ref idref="fl-bf"/>
      </object_component>
      <object_component id="oc-33">
         <name>.debug_info</name>
         <load_address>0x22d8</load_address>
         <run_address>0x22d8</run_address>
         <size>0x148</size>
         <input_file_ref idref="fl-c0"/>
      </object_component>
      <object_component id="oc-4a">
         <name>.debug_info</name>
         <load_address>0x2420</load_address>
         <run_address>0x2420</run_address>
         <size>0x109</size>
         <input_file_ref idref="fl-c1"/>
      </object_component>
      <object_component id="oc-95">
         <name>.debug_info</name>
         <load_address>0x2529</load_address>
         <run_address>0x2529</run_address>
         <size>0x124</size>
         <input_file_ref idref="fl-c2"/>
      </object_component>
      <object_component id="oc-68">
         <name>.debug_info</name>
         <load_address>0x264d</load_address>
         <run_address>0x264d</run_address>
         <size>0x113</size>
         <input_file_ref idref="fl-c2"/>
      </object_component>
      <object_component id="oc-8f">
         <name>.debug_info</name>
         <load_address>0x2760</load_address>
         <run_address>0x2760</run_address>
         <size>0x21f</size>
         <input_file_ref idref="fl-c2"/>
      </object_component>
      <object_component id="oc-63">
         <name>.debug_info</name>
         <load_address>0x297f</load_address>
         <run_address>0x297f</run_address>
         <size>0x166</size>
         <input_file_ref idref="fl-c3"/>
      </object_component>
      <object_component id="oc-41">
         <name>.debug_info</name>
         <load_address>0x2ae5</load_address>
         <run_address>0x2ae5</run_address>
         <size>0x167</size>
         <input_file_ref idref="fl-c3"/>
      </object_component>
      <object_component id="oc-86">
         <name>.debug_info</name>
         <load_address>0x2c4c</load_address>
         <run_address>0x2c4c</run_address>
         <size>0x5e</size>
         <input_file_ref idref="fl-c3"/>
      </object_component>
      <object_component id="oc-5c">
         <name>.debug_info</name>
         <load_address>0x2caa</load_address>
         <run_address>0x2caa</run_address>
         <size>0x2e9</size>
         <input_file_ref idref="fl-c4"/>
      </object_component>
      <object_component id="oc-3b">
         <name>.debug_info</name>
         <load_address>0x2f93</load_address>
         <run_address>0x2f93</run_address>
         <size>0x190</size>
         <input_file_ref idref="fl-c4"/>
      </object_component>
      <object_component id="oc-79">
         <name>.debug_info</name>
         <load_address>0x3123</load_address>
         <run_address>0x3123</run_address>
         <size>0x39</size>
         <input_file_ref idref="fl-c4"/>
      </object_component>
      <object_component id="oc-a6">
         <name>.debug_info</name>
         <load_address>0x315c</load_address>
         <run_address>0x315c</run_address>
         <size>0x39</size>
         <input_file_ref idref="fl-c4"/>
      </object_component>
      <object_component id="oc-7e">
         <name>.debug_info</name>
         <load_address>0x3195</load_address>
         <run_address>0x3195</run_address>
         <size>0xcd</size>
         <input_file_ref idref="fl-c4"/>
      </object_component>
      <object_component id="oc-75">
         <name>.debug_info</name>
         <load_address>0x3262</load_address>
         <run_address>0x3262</run_address>
         <size>0x1e0</size>
         <input_file_ref idref="fl-c5"/>
      </object_component>
      <object_component id="oc-51">
         <name>.debug_info</name>
         <load_address>0x3442</load_address>
         <run_address>0x3442</run_address>
         <size>0x183</size>
         <input_file_ref idref="fl-c5"/>
      </object_component>
      <object_component id="oc-a1">
         <name>.debug_info</name>
         <load_address>0x35c5</load_address>
         <run_address>0x35c5</run_address>
         <size>0x2c</size>
         <input_file_ref idref="fl-c5"/>
      </object_component>
      <object_component id="oc-9c">
         <name>.debug_info</name>
         <load_address>0x35f1</load_address>
         <run_address>0x35f1</run_address>
         <size>0x2c</size>
         <input_file_ref idref="fl-c5"/>
      </object_component>
      <object_component id="oc-72">
         <name>.debug_info</name>
         <load_address>0x361d</load_address>
         <run_address>0x361d</run_address>
         <size>0x111</size>
         <input_file_ref idref="fl-c6"/>
      </object_component>
      <object_component id="oc-58">
         <name>.debug_info</name>
         <load_address>0x372e</load_address>
         <run_address>0x372e</run_address>
         <size>0x145</size>
         <input_file_ref idref="fl-c7"/>
      </object_component>
      <object_component id="oc-cf">
         <name>.debug_info</name>
         <load_address>0x3873</load_address>
         <run_address>0x3873</run_address>
         <size>0x95</size>
      </object_component>
      <object_component id="oc-61">
         <name>.debug_line</name>
         <load_address>0x0</load_address>
         <run_address>0x0</run_address>
         <size>0x9a</size>
         <input_file_ref idref="fl-2"/>
      </object_component>
      <object_component id="oc-25">
         <name>.debug_line</name>
         <load_address>0x9a</load_address>
         <run_address>0x9a</run_address>
         <size>0x3b</size>
         <input_file_ref idref="fl-3"/>
      </object_component>
      <object_component id="oc-1c">
         <name>.debug_line</name>
         <load_address>0xd5</load_address>
         <run_address>0xd5</run_address>
         <size>0x3b</size>
         <input_file_ref idref="fl-3"/>
      </object_component>
      <object_component id="oc-1a">
         <name>.debug_line</name>
         <load_address>0x110</load_address>
         <run_address>0x110</run_address>
         <size>0x55a</size>
         <input_file_ref idref="fl-3"/>
      </object_component>
      <object_component id="oc-29">
         <name>.debug_line</name>
         <load_address>0x66a</load_address>
         <run_address>0x66a</run_address>
         <size>0x20</size>
         <input_file_ref idref="fl-3"/>
      </object_component>
      <object_component id="oc-22">
         <name>.debug_line</name>
         <load_address>0x68a</load_address>
         <run_address>0x68a</run_address>
         <size>0x53</size>
         <input_file_ref idref="fl-bd"/>
      </object_component>
      <object_component id="oc-98">
         <name>.debug_line</name>
         <load_address>0x6dd</load_address>
         <run_address>0x6dd</run_address>
         <size>0xf2</size>
         <input_file_ref idref="fl-be"/>
      </object_component>
      <object_component id="oc-8c">
         <name>.debug_line</name>
         <load_address>0x7cf</load_address>
         <run_address>0x7cf</run_address>
         <size>0x2a</size>
         <input_file_ref idref="fl-be"/>
      </object_component>
      <object_component id="oc-44">
         <name>.debug_line</name>
         <load_address>0x7f9</load_address>
         <run_address>0x7f9</run_address>
         <size>0x86</size>
         <input_file_ref idref="fl-be"/>
      </object_component>
      <object_component id="oc-30">
         <name>.debug_line</name>
         <load_address>0x87f</load_address>
         <run_address>0x87f</run_address>
         <size>0x3d</size>
         <input_file_ref idref="fl-bf"/>
      </object_component>
      <object_component id="oc-35">
         <name>.debug_line</name>
         <load_address>0x8bc</load_address>
         <run_address>0x8bc</run_address>
         <size>0x40</size>
         <input_file_ref idref="fl-c0"/>
      </object_component>
      <object_component id="oc-6e">
         <name>.debug_line</name>
         <load_address>0x8fc</load_address>
         <run_address>0x8fc</run_address>
         <size>0x33</size>
         <input_file_ref idref="fl-c1"/>
      </object_component>
      <object_component id="oc-ad">
         <name>.debug_line</name>
         <load_address>0x92f</load_address>
         <run_address>0x92f</run_address>
         <size>0x20</size>
         <input_file_ref idref="fl-c2"/>
      </object_component>
      <object_component id="oc-94">
         <name>.debug_line</name>
         <load_address>0x94f</load_address>
         <run_address>0x94f</run_address>
         <size>0x2b</size>
         <input_file_ref idref="fl-c2"/>
      </object_component>
      <object_component id="oc-91">
         <name>.debug_line</name>
         <load_address>0x97a</load_address>
         <run_address>0x97a</run_address>
         <size>0x68</size>
         <input_file_ref idref="fl-c2"/>
      </object_component>
      <object_component id="oc-85">
         <name>.debug_line</name>
         <load_address>0x9e2</load_address>
         <run_address>0x9e2</run_address>
         <size>0x2b</size>
         <input_file_ref idref="fl-c3"/>
      </object_component>
      <object_component id="oc-40">
         <name>.debug_line</name>
         <load_address>0xa0d</load_address>
         <run_address>0xa0d</run_address>
         <size>0x4a</size>
         <input_file_ref idref="fl-c3"/>
      </object_component>
      <object_component id="oc-89">
         <name>.debug_line</name>
         <load_address>0xa57</load_address>
         <run_address>0xa57</run_address>
         <size>0x2b</size>
         <input_file_ref idref="fl-c3"/>
      </object_component>
      <object_component id="oc-78">
         <name>.debug_line</name>
         <load_address>0xa82</load_address>
         <run_address>0xa82</run_address>
         <size>0xa9</size>
         <input_file_ref idref="fl-c4"/>
      </object_component>
      <object_component id="oc-38">
         <name>.debug_line</name>
         <load_address>0xb2b</load_address>
         <run_address>0xb2b</run_address>
         <size>0x8b</size>
         <input_file_ref idref="fl-c4"/>
      </object_component>
      <object_component id="oc-7c">
         <name>.debug_line</name>
         <load_address>0xbb6</load_address>
         <run_address>0xbb6</run_address>
         <size>0x2e</size>
         <input_file_ref idref="fl-c4"/>
      </object_component>
      <object_component id="oc-a9">
         <name>.debug_line</name>
         <load_address>0xbe4</load_address>
         <run_address>0xbe4</run_address>
         <size>0x8a</size>
         <input_file_ref idref="fl-c4"/>
      </object_component>
      <object_component id="oc-81">
         <name>.debug_line</name>
         <load_address>0xc6e</load_address>
         <run_address>0xc6e</run_address>
         <size>0x8b</size>
         <input_file_ref idref="fl-c4"/>
      </object_component>
      <object_component id="oc-9b">
         <name>.debug_line</name>
         <load_address>0xcf9</load_address>
         <run_address>0xcf9</run_address>
         <size>0x98</size>
         <input_file_ref idref="fl-c5"/>
      </object_component>
      <object_component id="oc-50">
         <name>.debug_line</name>
         <load_address>0xd91</load_address>
         <run_address>0xd91</run_address>
         <size>0x68</size>
         <input_file_ref idref="fl-c5"/>
      </object_component>
      <object_component id="oc-a4">
         <name>.debug_line</name>
         <load_address>0xdf9</load_address>
         <run_address>0xdf9</run_address>
         <size>0x2e</size>
         <input_file_ref idref="fl-c5"/>
      </object_component>
      <object_component id="oc-9f">
         <name>.debug_line</name>
         <load_address>0xe27</load_address>
         <run_address>0xe27</run_address>
         <size>0x8a</size>
         <input_file_ref idref="fl-c5"/>
      </object_component>
      <object_component id="oc-70">
         <name>.debug_line</name>
         <load_address>0xeb1</load_address>
         <run_address>0xeb1</run_address>
         <size>0x88</size>
         <input_file_ref idref="fl-c6"/>
      </object_component>
      <object_component id="oc-5a">
         <name>.debug_line</name>
         <load_address>0xf39</load_address>
         <run_address>0xf39</run_address>
         <size>0x3c</size>
         <input_file_ref idref="fl-c7"/>
      </object_component>
      <object_component id="oc-83">
         <name>.debug_abbrev</name>
         <load_address>0x0</load_address>
         <run_address>0x0</run_address>
         <size>0x5f</size>
         <input_file_ref idref="fl-2"/>
      </object_component>
      <object_component id="oc-24">
         <name>.debug_abbrev</name>
         <load_address>0x5f</load_address>
         <run_address>0x5f</run_address>
         <size>0x54</size>
         <input_file_ref idref="fl-3"/>
      </object_component>
      <object_component id="oc-1b">
         <name>.debug_abbrev</name>
         <load_address>0xb3</load_address>
         <run_address>0xb3</run_address>
         <size>0x29</size>
         <input_file_ref idref="fl-3"/>
      </object_component>
      <object_component id="oc-23">
         <name>.debug_abbrev</name>
         <load_address>0xdc</load_address>
         <run_address>0xdc</run_address>
         <size>0xf8</size>
         <input_file_ref idref="fl-3"/>
      </object_component>
      <object_component id="oc-28">
         <name>.debug_abbrev</name>
         <load_address>0x1d4</load_address>
         <run_address>0x1d4</run_address>
         <size>0x1f</size>
         <input_file_ref idref="fl-3"/>
      </object_component>
      <object_component id="oc-4c">
         <name>.debug_abbrev</name>
         <load_address>0x1f3</load_address>
         <run_address>0x1f3</run_address>
         <size>0x3e</size>
         <input_file_ref idref="fl-bd"/>
      </object_component>
      <object_component id="oc-97">
         <name>.debug_abbrev</name>
         <load_address>0x231</load_address>
         <run_address>0x231</run_address>
         <size>0xa8</size>
         <input_file_ref idref="fl-be"/>
      </object_component>
      <object_component id="oc-8b">
         <name>.debug_abbrev</name>
         <load_address>0x2d9</load_address>
         <run_address>0x2d9</run_address>
         <size>0x29</size>
         <input_file_ref idref="fl-be"/>
      </object_component>
      <object_component id="oc-6a">
         <name>.debug_abbrev</name>
         <load_address>0x302</load_address>
         <run_address>0x302</run_address>
         <size>0xba</size>
         <input_file_ref idref="fl-be"/>
      </object_component>
      <object_component id="oc-4d">
         <name>.debug_abbrev</name>
         <load_address>0x3bc</load_address>
         <run_address>0x3bc</run_address>
         <size>0x53</size>
         <input_file_ref idref="fl-bf"/>
      </object_component>
      <object_component id="oc-4e">
         <name>.debug_abbrev</name>
         <load_address>0x40f</load_address>
         <run_address>0x40f</run_address>
         <size>0x55</size>
         <input_file_ref idref="fl-c0"/>
      </object_component>
      <object_component id="oc-6d">
         <name>.debug_abbrev</name>
         <load_address>0x464</load_address>
         <run_address>0x464</run_address>
         <size>0x27</size>
         <input_file_ref idref="fl-c1"/>
      </object_component>
      <object_component id="oc-ac">
         <name>.debug_abbrev</name>
         <load_address>0x48b</load_address>
         <run_address>0x48b</run_address>
         <size>0x45</size>
         <input_file_ref idref="fl-c2"/>
      </object_component>
      <object_component id="oc-93">
         <name>.debug_abbrev</name>
         <load_address>0x4d0</load_address>
         <run_address>0x4d0</run_address>
         <size>0x29</size>
         <input_file_ref idref="fl-c2"/>
      </object_component>
      <object_component id="oc-ab">
         <name>.debug_abbrev</name>
         <load_address>0x4f9</load_address>
         <run_address>0x4f9</run_address>
         <size>0x6f</size>
         <input_file_ref idref="fl-c2"/>
      </object_component>
      <object_component id="oc-84">
         <name>.debug_abbrev</name>
         <load_address>0x568</load_address>
         <run_address>0x568</run_address>
         <size>0x8e</size>
         <input_file_ref idref="fl-c3"/>
      </object_component>
      <object_component id="oc-62">
         <name>.debug_abbrev</name>
         <load_address>0x5f6</load_address>
         <run_address>0x5f6</run_address>
         <size>0x68</size>
         <input_file_ref idref="fl-c3"/>
      </object_component>
      <object_component id="oc-88">
         <name>.debug_abbrev</name>
         <load_address>0x65e</load_address>
         <run_address>0x65e</run_address>
         <size>0x49</size>
         <input_file_ref idref="fl-c3"/>
      </object_component>
      <object_component id="oc-77">
         <name>.debug_abbrev</name>
         <load_address>0x6a7</load_address>
         <run_address>0x6a7</run_address>
         <size>0xae</size>
         <input_file_ref idref="fl-c4"/>
      </object_component>
      <object_component id="oc-5b">
         <name>.debug_abbrev</name>
         <load_address>0x755</load_address>
         <run_address>0x755</run_address>
         <size>0x7e</size>
         <input_file_ref idref="fl-c4"/>
      </object_component>
      <object_component id="oc-7b">
         <name>.debug_abbrev</name>
         <load_address>0x7d3</load_address>
         <run_address>0x7d3</run_address>
         <size>0x24</size>
         <input_file_ref idref="fl-c4"/>
      </object_component>
      <object_component id="oc-a8">
         <name>.debug_abbrev</name>
         <load_address>0x7f7</load_address>
         <run_address>0x7f7</run_address>
         <size>0x24</size>
         <input_file_ref idref="fl-c4"/>
      </object_component>
      <object_component id="oc-80">
         <name>.debug_abbrev</name>
         <load_address>0x81b</load_address>
         <run_address>0x81b</run_address>
         <size>0x4b</size>
         <input_file_ref idref="fl-c4"/>
      </object_component>
      <object_component id="oc-9a">
         <name>.debug_abbrev</name>
         <load_address>0x866</load_address>
         <run_address>0x866</run_address>
         <size>0x9c</size>
         <input_file_ref idref="fl-c5"/>
      </object_component>
      <object_component id="oc-74">
         <name>.debug_abbrev</name>
         <load_address>0x902</load_address>
         <run_address>0x902</run_address>
         <size>0x8c</size>
         <input_file_ref idref="fl-c5"/>
      </object_component>
      <object_component id="oc-a3">
         <name>.debug_abbrev</name>
         <load_address>0x98e</load_address>
         <run_address>0x98e</run_address>
         <size>0x24</size>
         <input_file_ref idref="fl-c5"/>
      </object_component>
      <object_component id="oc-9e">
         <name>.debug_abbrev</name>
         <load_address>0x9b2</load_address>
         <run_address>0x9b2</run_address>
         <size>0x24</size>
         <input_file_ref idref="fl-c5"/>
      </object_component>
      <object_component id="oc-99">
         <name>.debug_abbrev</name>
         <load_address>0x9d6</load_address>
         <run_address>0x9d6</run_address>
         <size>0x3e</size>
         <input_file_ref idref="fl-c6"/>
      </object_component>
      <object_component id="oc-76">
         <name>.debug_abbrev</name>
         <load_address>0xa14</load_address>
         <run_address>0xa14</run_address>
         <size>0x53</size>
         <input_file_ref idref="fl-c7"/>
      </object_component>
      <object_component id="oc-d0">
         <name>.debug_abbrev</name>
         <load_address>0xa67</load_address>
         <run_address>0xa67</run_address>
         <size>0xf</size>
      </object_component>
      <object_component id="oc-5f">
         <name>.debug_aranges</name>
         <load_address>0x0</load_address>
         <run_address>0x0</run_address>
         <size>0x38</size>
         <input_file_ref idref="fl-2"/>
      </object_component>
      <object_component id="oc-18">
         <name>.debug_aranges</name>
         <load_address>0x38</load_address>
         <run_address>0x38</run_address>
         <size>0x1c8</size>
         <input_file_ref idref="fl-3"/>
      </object_component>
      <object_component id="oc-1f">
         <name>.debug_aranges</name>
         <load_address>0x200</load_address>
         <run_address>0x200</run_address>
         <size>0x20</size>
         <input_file_ref idref="fl-bd"/>
      </object_component>
      <object_component id="oc-47">
         <name>.debug_aranges</name>
         <load_address>0x220</load_address>
         <run_address>0x220</run_address>
         <size>0x30</size>
         <input_file_ref idref="fl-be"/>
      </object_component>
      <object_component id="oc-2e">
         <name>.debug_aranges</name>
         <load_address>0x250</load_address>
         <run_address>0x250</run_address>
         <size>0x20</size>
         <input_file_ref idref="fl-bf"/>
      </object_component>
      <object_component id="oc-32">
         <name>.debug_aranges</name>
         <load_address>0x270</load_address>
         <run_address>0x270</run_address>
         <size>0x20</size>
         <input_file_ref idref="fl-c0"/>
      </object_component>
      <object_component id="oc-8e">
         <name>.debug_aranges</name>
         <load_address>0x290</load_address>
         <run_address>0x290</run_address>
         <size>0x30</size>
         <input_file_ref idref="fl-c2"/>
      </object_component>
      <object_component id="oc-3f">
         <name>.debug_aranges</name>
         <load_address>0x2c0</load_address>
         <run_address>0x2c0</run_address>
         <size>0x20</size>
         <input_file_ref idref="fl-c3"/>
      </object_component>
      <object_component id="oc-3a">
         <name>.debug_aranges</name>
         <load_address>0x2e0</load_address>
         <run_address>0x2e0</run_address>
         <size>0x20</size>
         <input_file_ref idref="fl-c4"/>
      </object_component>
      <object_component id="oc-52">
         <name>.debug_aranges</name>
         <load_address>0x300</load_address>
         <run_address>0x300</run_address>
         <size>0x20</size>
         <input_file_ref idref="fl-c5"/>
      </object_component>
      <object_component id="oc-71">
         <name>.debug_aranges</name>
         <load_address>0x320</load_address>
         <run_address>0x320</run_address>
         <size>0x20</size>
         <input_file_ref idref="fl-c6"/>
      </object_component>
      <object_component id="oc-57">
         <name>.debug_aranges</name>
         <load_address>0x340</load_address>
         <run_address>0x340</run_address>
         <size>0x20</size>
         <input_file_ref idref="fl-c7"/>
      </object_component>
      <object_component id="oc-60">
         <name>.debug_pubnames</name>
         <load_address>0x0</load_address>
         <run_address>0x0</run_address>
         <size>0x44</size>
         <input_file_ref idref="fl-2"/>
      </object_component>
      <object_component id="oc-12">
         <name>.debug_pubnames</name>
         <load_address>0x44</load_address>
         <run_address>0x44</run_address>
         <size>0x27</size>
         <input_file_ref idref="fl-3"/>
      </object_component>
      <object_component id="oc-19">
         <name>.debug_pubnames</name>
         <load_address>0x6b</load_address>
         <run_address>0x6b</run_address>
         <size>0x474</size>
         <input_file_ref idref="fl-3"/>
      </object_component>
      <object_component id="oc-21">
         <name>.debug_pubnames</name>
         <load_address>0x4df</load_address>
         <run_address>0x4df</run_address>
         <size>0x1f</size>
         <input_file_ref idref="fl-bd"/>
      </object_component>
      <object_component id="oc-66">
         <name>.debug_pubnames</name>
         <load_address>0x4fe</load_address>
         <run_address>0x4fe</run_address>
         <size>0x5e</size>
         <input_file_ref idref="fl-be"/>
      </object_component>
      <object_component id="oc-46">
         <name>.debug_pubnames</name>
         <load_address>0x55c</load_address>
         <run_address>0x55c</run_address>
         <size>0x35</size>
         <input_file_ref idref="fl-be"/>
      </object_component>
      <object_component id="oc-2d">
         <name>.debug_pubnames</name>
         <load_address>0x591</load_address>
         <run_address>0x591</run_address>
         <size>0x21</size>
         <input_file_ref idref="fl-bf"/>
      </object_component>
      <object_component id="oc-34">
         <name>.debug_pubnames</name>
         <load_address>0x5b2</load_address>
         <run_address>0x5b2</run_address>
         <size>0x27</size>
         <input_file_ref idref="fl-c0"/>
      </object_component>
      <object_component id="oc-4b">
         <name>.debug_pubnames</name>
         <load_address>0x5d9</load_address>
         <run_address>0x5d9</run_address>
         <size>0x23</size>
         <input_file_ref idref="fl-c1"/>
      </object_component>
      <object_component id="oc-69">
         <name>.debug_pubnames</name>
         <load_address>0x5fc</load_address>
         <run_address>0x5fc</run_address>
         <size>0x28</size>
         <input_file_ref idref="fl-c2"/>
      </object_component>
      <object_component id="oc-90">
         <name>.debug_pubnames</name>
         <load_address>0x624</load_address>
         <run_address>0x624</run_address>
         <size>0x43</size>
         <input_file_ref idref="fl-c2"/>
      </object_component>
      <object_component id="oc-42">
         <name>.debug_pubnames</name>
         <load_address>0x667</load_address>
         <run_address>0x667</run_address>
         <size>0x21</size>
         <input_file_ref idref="fl-c3"/>
      </object_component>
      <object_component id="oc-3c">
         <name>.debug_pubnames</name>
         <load_address>0x688</load_address>
         <run_address>0x688</run_address>
         <size>0x25</size>
         <input_file_ref idref="fl-c4"/>
      </object_component>
      <object_component id="oc-53">
         <name>.debug_pubnames</name>
         <load_address>0x6ad</load_address>
         <run_address>0x6ad</run_address>
         <size>0x1e</size>
         <input_file_ref idref="fl-c5"/>
      </object_component>
      <object_component id="oc-73">
         <name>.debug_pubnames</name>
         <load_address>0x6cb</load_address>
         <run_address>0x6cb</run_address>
         <size>0x1d</size>
         <input_file_ref idref="fl-c6"/>
      </object_component>
      <object_component id="oc-59">
         <name>.debug_pubnames</name>
         <load_address>0x6e8</load_address>
         <run_address>0x6e8</run_address>
         <size>0x29</size>
         <input_file_ref idref="fl-c7"/>
      </object_component>
      <object_component id="oc-16">
         <name>.debug_frame</name>
         <load_address>0x0</load_address>
         <run_address>0x0</run_address>
         <size>0x3d6</size>
         <input_file_ref idref="fl-3"/>
      </object_component>
      <object_component id="oc-48">
         <name>.debug_frame</name>
         <load_address>0x3d6</load_address>
         <run_address>0x3d6</run_address>
         <size>0x85</size>
         <input_file_ref idref="fl-be"/>
      </object_component>
      <object_component id="oc-2f">
         <name>.debug_frame</name>
         <load_address>0x45b</load_address>
         <run_address>0x45b</run_address>
         <size>0x51</size>
         <input_file_ref idref="fl-bf"/>
      </object_component>
      <object_component id="oc-36">
         <name>.debug_frame</name>
         <load_address>0x4ac</load_address>
         <run_address>0x4ac</run_address>
         <size>0x51</size>
         <input_file_ref idref="fl-c0"/>
      </object_component>
      <object_component id="oc-92">
         <name>.debug_frame</name>
         <load_address>0x4fd</load_address>
         <run_address>0x4fd</run_address>
         <size>0x73</size>
         <input_file_ref idref="fl-c2"/>
      </object_component>
      <object_component id="oc-3e">
         <name>.debug_frame</name>
         <load_address>0x570</load_address>
         <run_address>0x570</run_address>
         <size>0x51</size>
         <input_file_ref idref="fl-c3"/>
      </object_component>
      <object_component id="oc-39">
         <name>.debug_frame</name>
         <load_address>0x5c1</load_address>
         <run_address>0x5c1</run_address>
         <size>0x5c</size>
         <input_file_ref idref="fl-c4"/>
      </object_component>
      <object_component id="oc-54">
         <name>.debug_frame</name>
         <load_address>0x61d</load_address>
         <run_address>0x61d</run_address>
         <size>0x60</size>
         <input_file_ref idref="fl-c5"/>
      </object_component>
      <object_component id="oc-56">
         <name>.debug_frame</name>
         <load_address>0x67d</load_address>
         <run_address>0x67d</run_address>
         <size>0x51</size>
         <input_file_ref idref="fl-c7"/>
      </object_component>
      <object_component id="oc-2a">
         <name>.debug_str</name>
         <load_address>0x0</load_address>
         <run_address>0x0</run_address>
         <size>0xfa</size>
         <input_file_ref idref="fl-3"/>
      </object_component>
      <object_component id="oc-8a">
         <name>.debug_str</name>
         <load_address>0xfa</load_address>
         <run_address>0xfa</run_address>
         <size>0xd6</size>
         <input_file_ref idref="fl-c3"/>
      </object_component>
      <object_component id="oc-7d">
         <name>.debug_str</name>
         <load_address>0x1d0</load_address>
         <run_address>0x1d0</run_address>
         <size>0xe2</size>
         <input_file_ref idref="fl-c4"/>
      </object_component>
      <object_component id="oc-aa">
         <name>.debug_str</name>
         <load_address>0x2b2</load_address>
         <run_address>0x2b2</run_address>
         <size>0x138</size>
         <input_file_ref idref="fl-c4"/>
      </object_component>
      <object_component id="oc-82">
         <name>.debug_str</name>
         <load_address>0x3ea</load_address>
         <run_address>0x3ea</run_address>
         <size>0x184</size>
         <input_file_ref idref="fl-c4"/>
      </object_component>
      <object_component id="oc-a5">
         <name>.debug_str</name>
         <load_address>0x56e</load_address>
         <run_address>0x56e</run_address>
         <size>0xd7</size>
         <input_file_ref idref="fl-c5"/>
      </object_component>
      <object_component id="oc-a0">
         <name>.debug_str</name>
         <load_address>0x645</load_address>
         <run_address>0x645</run_address>
         <size>0x12d</size>
         <input_file_ref idref="fl-c5"/>
      </object_component>
      <object_component id="oc-27">
         <name>.debug_pubtypes</name>
         <load_address>0x0</load_address>
         <run_address>0x0</run_address>
         <size>0xed</size>
         <input_file_ref idref="fl-3"/>
      </object_component>
      <object_component id="oc-6c">
         <name>.debug_pubtypes</name>
         <load_address>0xed</load_address>
         <run_address>0xed</run_address>
         <size>0x1f</size>
         <input_file_ref idref="fl-be"/>
      </object_component>
      <object_component id="oc-96">
         <name>.debug_pubtypes</name>
         <load_address>0x10c</load_address>
         <run_address>0x10c</run_address>
         <size>0x1f</size>
         <input_file_ref idref="fl-c2"/>
      </object_component>
      <object_component id="oc-87">
         <name>.debug_pubtypes</name>
         <load_address>0x12b</load_address>
         <run_address>0x12b</run_address>
         <size>0x1b</size>
         <input_file_ref idref="fl-c3"/>
      </object_component>
      <object_component id="oc-7a">
         <name>.debug_pubtypes</name>
         <load_address>0x146</load_address>
         <run_address>0x146</run_address>
         <size>0x32</size>
         <input_file_ref idref="fl-c4"/>
      </object_component>
      <object_component id="oc-a7">
         <name>.debug_pubtypes</name>
         <load_address>0x178</load_address>
         <run_address>0x178</run_address>
         <size>0x2c</size>
         <input_file_ref idref="fl-c4"/>
      </object_component>
      <object_component id="oc-7f">
         <name>.debug_pubtypes</name>
         <load_address>0x1a4</load_address>
         <run_address>0x1a4</run_address>
         <size>0x50</size>
         <input_file_ref idref="fl-c4"/>
      </object_component>
      <object_component id="oc-a2">
         <name>.debug_pubtypes</name>
         <load_address>0x1f4</load_address>
         <run_address>0x1f4</run_address>
         <size>0x23</size>
         <input_file_ref idref="fl-c5"/>
      </object_component>
      <object_component id="oc-9d">
         <name>.debug_pubtypes</name>
         <load_address>0x217</load_address>
         <run_address>0x217</run_address>
         <size>0x1d</size>
         <input_file_ref idref="fl-c5"/>
      </object_component>
   </object_component_list>
   <logical_group_list>
      <logical_group id="lg-4" display="no" color="cyan">
         <name>.intvecs</name>
         <load_address>0x0</load_address>
         <run_address>0x0</run_address>
         <size>0x144</size>
         <contents>
            <object_component_ref idref="oc-10"/>
         </contents>
      </logical_group>
      <logical_group id="lg-5" display="no" color="cyan">
         <name>.text</name>
         <load_address>0x144</load_address>
         <run_address>0x144</run_address>
         <size>0x386</size>
         <contents>
            <object_component_ref idref="oc-5d"/>
            <object_component_ref idref="oc-6f"/>
            <object_component_ref idref="oc-15"/>
            <object_component_ref idref="oc-2b"/>
            <object_component_ref idref="oc-37"/>
            <object_component_ref idref="oc-1e"/>
            <object_component_ref idref="oc-43"/>
            <object_component_ref idref="oc-4f"/>
            <object_component_ref idref="oc-3d"/>
            <object_component_ref idref="oc-8d"/>
            <object_component_ref idref="oc-31"/>
            <object_component_ref idref="oc-55"/>
         </contents>
      </logical_group>
      <logical_group id="lg-6" display="no" color="cyan">
         <name>.const</name>
         <run_address>0x0</run_address>
         <size>0x0</size>
         <contents>
         </contents>
      </logical_group>
      <logical_group id="lg-7" display="no" color="cyan">
         <name>.cinit</name>
         <run_address>0x0</run_address>
         <size>0x0</size>
         <contents>
         </contents>
      </logical_group>
      <logical_group id="lg-8" display="no" color="cyan">
         <name>.pinit</name>
         <run_address>0x0</run_address>
         <size>0x0</size>
         <contents>
         </contents>
      </logical_group>
      <logical_group id="lg-9" display="no" color="cyan">
         <name>.flashMailbox</name>
         <run_address>0x0</run_address>
         <size>0x0</size>
         <contents>
         </contents>
      </logical_group>
      <logical_group id="lg-a" display="no" color="cyan">
         <name>.vtable</name>
         <run_address>0x0</run_address>
         <size>0x0</size>
         <contents>
         </contents>
      </logical_group>
      <logical_group id="lg-b" display="no" color="cyan">
         <name>.data</name>
         <load_address>0x20000000</load_address>
         <run_address>0x20000000</run_address>
         <size>0x18</size>
         <contents>
            <object_component_ref idref="oc-64"/>
            <object_component_ref idref="oc-67"/>
            <object_component_ref idref="oc-49"/>
         </contents>
      </logical_group>
      <logical_group id="lg-c" display="no" color="cyan">
         <name>.bss</name>
         <run_address>0x0</run_address>
         <size>0x0</size>
         <contents>
         </contents>
      </logical_group>
      <logical_group id="lg-d" display="no" color="cyan">
         <name>.sysmem</name>
         <run_address>0x0</run_address>
         <size>0x0</size>
         <contents>
         </contents>
      </logical_group>
      <logical_group id="lg-e" display="no" color="cyan">
         <name>.stack</name>
         <run_address>0x20010000</run_address>
         <size>0x0</size>
         <contents>
            <object_component_ref idref="oc-14"/>
            <object_component_ref idref="oc-ce"/>
         </contents>
      </logical_group>
      <logical_group id="lg-ae" display="no" color="cyan">
         <name>.TI.noinit</name>
         <run_address>0x0</run_address>
         <size>0x0</size>
         <contents>
         </contents>
      </logical_group>
      <logical_group id="lg-af" display="no" color="cyan">
         <name>.TI.persistent</name>
         <run_address>0x0</run_address>
         <size>0x0</size>
         <contents>
         </contents>
      </logical_group>
      <logical_group id="lg-bd" display="never" color="cyan">
         <name>.debug_info</name>
         <load_address>0x0</load_address>
         <run_address>0x0</run_address>
         <size>0x3908</size>
         <contents>
            <object_component_ref idref="oc-5e"/>
            <object_component_ref idref="oc-1d"/>
            <object_component_ref idref="oc-11"/>
            <object_component_ref idref="oc-17"/>
            <object_component_ref idref="oc-26"/>
            <object_component_ref idref="oc-20"/>
            <object_component_ref idref="oc-6b"/>
            <object_component_ref idref="oc-65"/>
            <object_component_ref idref="oc-45"/>
            <object_component_ref idref="oc-2c"/>
            <object_component_ref idref="oc-33"/>
            <object_component_ref idref="oc-4a"/>
            <object_component_ref idref="oc-95"/>
            <object_component_ref idref="oc-68"/>
            <object_component_ref idref="oc-8f"/>
            <object_component_ref idref="oc-63"/>
            <object_component_ref idref="oc-41"/>
            <object_component_ref idref="oc-86"/>
            <object_component_ref idref="oc-5c"/>
            <object_component_ref idref="oc-3b"/>
            <object_component_ref idref="oc-79"/>
            <object_component_ref idref="oc-a6"/>
            <object_component_ref idref="oc-7e"/>
            <object_component_ref idref="oc-75"/>
            <object_component_ref idref="oc-51"/>
            <object_component_ref idref="oc-a1"/>
            <object_component_ref idref="oc-9c"/>
            <object_component_ref idref="oc-72"/>
            <object_component_ref idref="oc-58"/>
            <object_component_ref idref="oc-cf"/>
         </contents>
      </logical_group>
      <logical_group id="lg-bf" display="never" color="cyan">
         <name>.debug_line</name>
         <load_address>0x0</load_address>
         <run_address>0x0</run_address>
         <size>0xf75</size>
         <contents>
            <object_component_ref idref="oc-61"/>
            <object_component_ref idref="oc-25"/>
            <object_component_ref idref="oc-1c"/>
            <object_component_ref idref="oc-1a"/>
            <object_component_ref idref="oc-29"/>
            <object_component_ref idref="oc-22"/>
            <object_component_ref idref="oc-98"/>
            <object_component_ref idref="oc-8c"/>
            <object_component_ref idref="oc-44"/>
            <object_component_ref idref="oc-30"/>
            <object_component_ref idref="oc-35"/>
            <object_component_ref idref="oc-6e"/>
            <object_component_ref idref="oc-ad"/>
            <object_component_ref idref="oc-94"/>
            <object_component_ref idref="oc-91"/>
            <object_component_ref idref="oc-85"/>
            <object_component_ref idref="oc-40"/>
            <object_component_ref idref="oc-89"/>
            <object_component_ref idref="oc-78"/>
            <object_component_ref idref="oc-38"/>
            <object_component_ref idref="oc-7c"/>
            <object_component_ref idref="oc-a9"/>
            <object_component_ref idref="oc-81"/>
            <object_component_ref idref="oc-9b"/>
            <object_component_ref idref="oc-50"/>
            <object_component_ref idref="oc-a4"/>
            <object_component_ref idref="oc-9f"/>
            <object_component_ref idref="oc-70"/>
            <object_component_ref idref="oc-5a"/>
         </contents>
      </logical_group>
      <logical_group id="lg-c1" display="never" color="cyan">
         <name>.debug_abbrev</name>
         <load_address>0x0</load_address>
         <run_address>0x0</run_address>
         <size>0xa76</size>
         <contents>
            <object_component_ref idref="oc-83"/>
            <object_component_ref idref="oc-24"/>
            <object_component_ref idref="oc-1b"/>
            <object_component_ref idref="oc-23"/>
            <object_component_ref idref="oc-28"/>
            <object_component_ref idref="oc-4c"/>
            <object_component_ref idref="oc-97"/>
            <object_component_ref idref="oc-8b"/>
            <object_component_ref idref="oc-6a"/>
            <object_component_ref idref="oc-4d"/>
            <object_component_ref idref="oc-4e"/>
            <object_component_ref idref="oc-6d"/>
            <object_component_ref idref="oc-ac"/>
            <object_component_ref idref="oc-93"/>
            <object_component_ref idref="oc-ab"/>
            <object_component_ref idref="oc-84"/>
            <object_component_ref idref="oc-62"/>
            <object_component_ref idref="oc-88"/>
            <object_component_ref idref="oc-77"/>
            <object_component_ref idref="oc-5b"/>
            <object_component_ref idref="oc-7b"/>
            <object_component_ref idref="oc-a8"/>
            <object_component_ref idref="oc-80"/>
            <object_component_ref idref="oc-9a"/>
            <object_component_ref idref="oc-74"/>
            <object_component_ref idref="oc-a3"/>
            <object_component_ref idref="oc-9e"/>
            <object_component_ref idref="oc-99"/>
            <object_component_ref idref="oc-76"/>
            <object_component_ref idref="oc-d0"/>
         </contents>
      </logical_group>
      <logical_group id="lg-c3" display="never" color="cyan">
         <name>.debug_aranges</name>
         <load_address>0x0</load_address>
         <run_address>0x0</run_address>
         <size>0x360</size>
         <contents>
            <object_component_ref idref="oc-5f"/>
            <object_component_ref idref="oc-18"/>
            <object_component_ref idref="oc-1f"/>
            <object_component_ref idref="oc-47"/>
            <object_component_ref idref="oc-2e"/>
            <object_component_ref idref="oc-32"/>
            <object_component_ref idref="oc-8e"/>
            <object_component_ref idref="oc-3f"/>
            <object_component_ref idref="oc-3a"/>
            <object_component_ref idref="oc-52"/>
            <object_component_ref idref="oc-71"/>
            <object_component_ref idref="oc-57"/>
         </contents>
      </logical_group>
      <logical_group id="lg-c5" display="never" color="cyan">
         <name>.debug_pubnames</name>
         <load_address>0x0</load_address>
         <run_address>0x0</run_address>
         <size>0x711</size>
         <contents>
            <object_component_ref idref="oc-60"/>
            <object_component_ref idref="oc-12"/>
            <object_component_ref idref="oc-19"/>
            <object_component_ref idref="oc-21"/>
            <object_component_ref idref="oc-66"/>
            <object_component_ref idref="oc-46"/>
            <object_component_ref idref="oc-2d"/>
            <object_component_ref idref="oc-34"/>
            <object_component_ref idref="oc-4b"/>
            <object_component_ref idref="oc-69"/>
            <object_component_ref idref="oc-90"/>
            <object_component_ref idref="oc-42"/>
            <object_component_ref idref="oc-3c"/>
            <object_component_ref idref="oc-53"/>
            <object_component_ref idref="oc-73"/>
            <object_component_ref idref="oc-59"/>
         </contents>
      </logical_group>
      <logical_group id="lg-c7" display="never" color="cyan">
         <name>.debug_frame</name>
         <load_address>0x0</load_address>
         <run_address>0x0</run_address>
         <size>0x6ce</size>
         <contents>
            <object_component_ref idref="oc-16"/>
            <object_component_ref idref="oc-48"/>
            <object_component_ref idref="oc-2f"/>
            <object_component_ref idref="oc-36"/>
            <object_component_ref idref="oc-92"/>
            <object_component_ref idref="oc-3e"/>
            <object_component_ref idref="oc-39"/>
            <object_component_ref idref="oc-54"/>
            <object_component_ref idref="oc-56"/>
         </contents>
      </logical_group>
      <logical_group id="lg-c9" display="never" color="cyan">
         <name>.debug_str</name>
         <load_address>0x0</load_address>
         <run_address>0x0</run_address>
         <size>0x772</size>
         <contents>
            <object_component_ref idref="oc-2a"/>
            <object_component_ref idref="oc-8a"/>
            <object_component_ref idref="oc-7d"/>
            <object_component_ref idref="oc-aa"/>
            <object_component_ref idref="oc-82"/>
            <object_component_ref idref="oc-a5"/>
            <object_component_ref idref="oc-a0"/>
         </contents>
      </logical_group>
      <logical_group id="lg-cb" display="never" color="cyan">
         <name>.debug_pubtypes</name>
         <load_address>0x0</load_address>
         <run_address>0x0</run_address>
         <size>0x234</size>
         <contents>
            <object_component_ref idref="oc-27"/>
            <object_component_ref idref="oc-6c"/>
            <object_component_ref idref="oc-96"/>
            <object_component_ref idref="oc-87"/>
            <object_component_ref idref="oc-7a"/>
            <object_component_ref idref="oc-a7"/>
            <object_component_ref idref="oc-7f"/>
            <object_component_ref idref="oc-a2"/>
            <object_component_ref idref="oc-9d"/>
         </contents>
      </logical_group>
      <load_segment id="lg-d1" display="no" color="cyan">
         <name>SEGMENT_0</name>
         <load_address>0x0</load_address>
         <run_address>0x0</run_address>
         <size>0x4ca</size>
         <flags>0x5</flags>
         <contents>
            <logical_group_ref idref="lg-4"/>
            <logical_group_ref idref="lg-5"/>
         </contents>
      </load_segment>
      <load_segment id="lg-d2" display="no" color="cyan">
         <name>SEGMENT_1</name>
         <load_address>0x20000000</load_address>
         <run_address>0x20000000</run_address>
         <size>0x18</size>
         <flags>0x6</flags>
         <contents>
            <logical_group_ref idref="lg-b"/>
         </contents>
      </load_segment>
   </logical_group_list>
   <placement_map>
      <memory_area display="yes" color="green">
         <name>MAIN</name>
         <page_id>0x0</page_id>
         <origin>0x0</origin>
         <length>0x40000</length>
         <used_space>0x4ca</used_space>
         <unused_space>0x3fb36</unused_space>
         <attributes>RX</attributes>
         <usage_details>
            <allocated_space>
               <start_address>0x0</start_address>
               <size>0x144</size>
               <logical_group_ref idref="lg-4"/>
            </allocated_space>
            <allocated_space>
               <start_address>0x144</start_address>
               <size>0x386</size>
               <logical_group_ref idref="lg-5"/>
            </allocated_space>
            <available_space>
               <start_address>0x4ca</start_address>
               <size>0x3fb36</size>
            </available_space>
         </usage_details>
      </memory_area>
      <memory_area display="yes" color="green">
         <name>INFO</name>
         <page_id>0x0</page_id>
         <origin>0x200000</origin>
         <length>0x4000</length>
         <used_space>0x0</used_space>
         <unused_space>0x4000</unused_space>
         <attributes>RX</attributes>
         <usage_details>
         </usage_details>
      </memory_area>
      <memory_area display="yes" color="green">
         <name>SRAM_CODE</name>
         <page_id>0x0</page_id>
         <origin>0x1000000</origin>
         <length>0x10000</length>
         <used_space>0x0</used_space>
         <unused_space>0x10000</unused_space>
         <attributes>RWX</attributes>
         <usage_details>
         </usage_details>
      </memory_area>
      <memory_area display="yes" color="green">
         <name>SRAM_DATA</name>
         <page_id>0x0</page_id>
         <origin>0x20000000</origin>
         <length>0x10000</length>
         <used_space>0x18</used_space>
         <unused_space>0xffe8</unused_space>
         <attributes>RW</attributes>
         <usage_details>
            <allocated_space>
               <start_address>0x20000000</start_address>
               <size>0x18</size>
               <logical_group_ref idref="lg-b"/>
            </allocated_space>
            <available_space>
               <start_address>0x20000018</start_address>
               <size>0xffe8</size>
            </available_space>
            <allocated_space>
               <start_address>0x20010000</start_address>
               <size>0x0</size>
               <logical_group_ref idref="lg-e"/>
            </allocated_space>
         </usage_details>
      </memory_area>
   </placement_map>
   <symbol_table>
      <symbol id="sm-1">
         <name>WDTCTL_SYM</name>
         <value>0x4000480c</value>
      </symbol>
      <symbol id="sm-2">
         <name>binit</name>
         <value>0xffffffff</value>
      </symbol>
      <symbol id="sm-3">
         <name>__binit__</name>
         <value>0xffffffff</value>
      </symbol>
      <symbol id="sm-4">
         <name>__STACK_SIZE</name>
         <value>0x0</value>
      </symbol>
      <symbol id="sm-5">
         <name>__STACK_END</name>
         <value>0x20010000</value>
      </symbol>
      <symbol id="sm-6">
         <name>__c_args__</name>
         <value>0xffffffff</value>
      </symbol>
      <symbol id="sm-7">
         <name>__TI_pprof_out_hndl</name>
         <value>0xffffffff</value>
      </symbol>
      <symbol id="sm-8">
         <name>__TI_prof_data_start</name>
         <value>0xffffffff</value>
      </symbol>
      <symbol id="sm-9">
         <name>__TI_prof_data_size</name>
         <value>0xffffffff</value>
      </symbol>
      <symbol id="sm-a">
         <name>__TI_static_base__</name>
         <value>0x0</value>
      </symbol>
      <symbol id="sm-3e">
         <name>main</name>
         <value>0x17d</value>
         <object_component_ref idref="oc-5d"/>
      </symbol>
      <symbol id="sm-c3">
         <name>T32_INT2_IRQHandler</name>
         <value>0x2f1</value>
         <object_component_ref idref="oc-15"/>
      </symbol>
      <symbol id="sm-c4">
         <name>PendSV_Handler</name>
         <value>0x2b9</value>
         <object_component_ref idref="oc-15"/>
      </symbol>
      <symbol id="sm-c5">
         <name>SysTick_Handler</name>
         <value>0x2bb</value>
         <object_component_ref idref="oc-15"/>
      </symbol>
      <symbol id="sm-c6">
         <name>EUSCIA3_IRQHandler</name>
         <value>0x2e3</value>
         <object_component_ref idref="oc-15"/>
      </symbol>
      <symbol id="sm-c7">
         <name>SVC_Handler</name>
         <value>0x2b5</value>
         <object_component_ref idref="oc-15"/>
      </symbol>
      <symbol id="sm-c8">
         <name>EUSCIB1_IRQHandler</name>
         <value>0x2e7</value>
         <object_component_ref idref="oc-15"/>
      </symbol>
      <symbol id="sm-c9">
         <name>PORT4_IRQHandler</name>
         <value>0x309</value>
         <object_component_ref idref="oc-15"/>
      </symbol>
      <symbol id="sm-ca">
         <name>AES256_IRQHandler</name>
         <value>0x2f5</value>
         <object_component_ref idref="oc-15"/>
      </symbol>
      <symbol id="sm-cb">
         <name>FPU_IRQHandler</name>
         <value>0x2c5</value>
         <object_component_ref idref="oc-15"/>
      </symbol>
      <symbol id="sm-cc">
         <name>EUSCIB2_IRQHandler</name>
         <value>0x2e9</value>
         <object_component_ref idref="oc-15"/>
      </symbol>
      <symbol id="sm-cd">
         <name>PORT1_IRQHandler</name>
         <value>0x303</value>
         <object_component_ref idref="oc-15"/>
      </symbol>
      <symbol id="sm-ce">
         <name>RTC_C_IRQHandler</name>
         <value>0x2f7</value>
         <object_component_ref idref="oc-15"/>
      </symbol>
      <symbol id="sm-cf">
         <name>TA2_0_IRQHandler</name>
         <value>0x2d5</value>
         <object_component_ref idref="oc-15"/>
      </symbol>
      <symbol id="sm-d0">
         <name>TA3_N_IRQHandler</name>
         <value>0x2db</value>
         <object_component_ref idref="oc-15"/>
      </symbol>
      <symbol id="sm-d1">
         <name>DMA_INT3_IRQHandler</name>
         <value>0x2fb</value>
         <object_component_ref idref="oc-15"/>
      </symbol>
      <symbol id="sm-d2">
         <name>PORT2_IRQHandler</name>
         <value>0x305</value>
         <object_component_ref idref="oc-15"/>
      </symbol>
      <symbol id="sm-d3">
         <name>StartCritical</name>
         <value>0x31b</value>
         <object_component_ref idref="oc-15"/>
      </symbol>
      <symbol id="sm-d4">
         <name>TA0_0_IRQHandler</name>
         <value>0x2cd</value>
         <object_component_ref idref="oc-15"/>
      </symbol>
      <symbol id="sm-d5">
         <name>PSS_IRQHandler</name>
         <value>0x2bd</value>
         <object_component_ref idref="oc-15"/>
      </symbol>
      <symbol id="sm-d6">
         <name>TA1_N_IRQHandler</name>
         <value>0x2d3</value>
         <object_component_ref idref="oc-15"/>
      </symbol>
      <symbol id="sm-d7">
         <name>EUSCIA1_IRQHandler</name>
         <value>0x2df</value>
         <object_component_ref idref="oc-15"/>
      </symbol>
      <symbol id="sm-d8">
         <name>EUSCIA2_IRQHandler</name>
         <value>0x2e1</value>
         <object_component_ref idref="oc-15"/>
      </symbol>
      <symbol id="sm-d9">
         <name>COMP_E0_IRQHandler</name>
         <value>0x2c9</value>
         <object_component_ref idref="oc-15"/>
      </symbol>
      <symbol id="sm-da">
         <name>WDT_A_IRQHandler</name>
         <value>0x2c3</value>
         <object_component_ref idref="oc-15"/>
      </symbol>
      <symbol id="sm-db">
         <name>EUSCIB0_IRQHandler</name>
         <value>0x2e5</value>
         <object_component_ref idref="oc-15"/>
      </symbol>
      <symbol id="sm-dc">
         <name>FLCTL_IRQHandler</name>
         <value>0x2c7</value>
         <object_component_ref idref="oc-15"/>
      </symbol>
      <symbol id="sm-dd">
         <name>EndCritical</name>
         <value>0x325</value>
         <object_component_ref idref="oc-15"/>
      </symbol>
      <symbol id="sm-de">
         <name>DMA_INT1_IRQHandler</name>
         <value>0x2ff</value>
         <object_component_ref idref="oc-15"/>
      </symbol>
      <symbol id="sm-df">
         <name>PCM_IRQHandler</name>
         <value>0x2c1</value>
         <object_component_ref idref="oc-15"/>
      </symbol>
      <symbol id="sm-e0">
         <name>ADC14_IRQHandler</name>
         <value>0x2ed</value>
         <object_component_ref idref="oc-15"/>
      </symbol>
      <symbol id="sm-e1">
         <name>T32_INTC_IRQHandler</name>
         <value>0x2f3</value>
         <object_component_ref idref="oc-15"/>
      </symbol>
      <symbol id="sm-e2">
         <name>DMA_INT2_IRQHandler</name>
         <value>0x2fd</value>
         <object_component_ref idref="oc-15"/>
      </symbol>
      <symbol id="sm-e3">
         <name>TA3_0_IRQHandler</name>
         <value>0x2d9</value>
         <object_component_ref idref="oc-15"/>
      </symbol>
      <symbol id="sm-e4">
         <name>EUSCIA0_IRQHandler</name>
         <value>0x2dd</value>
         <object_component_ref idref="oc-15"/>
      </symbol>
      <symbol id="sm-e5">
         <name>DMA_ERR_IRQHandler</name>
         <value>0x2f9</value>
         <object_component_ref idref="oc-15"/>
      </symbol>
      <symbol id="sm-e6">
         <name>DisableInterrupts</name>
         <value>0x30f</value>
         <object_component_ref idref="oc-15"/>
      </symbol>
      <symbol id="sm-e7">
         <name>PORT5_IRQHandler</name>
         <value>0x30b</value>
         <object_component_ref idref="oc-15"/>
      </symbol>
      <symbol id="sm-e8">
         <name>TA1_0_IRQHandler</name>
         <value>0x2d1</value>
         <object_component_ref idref="oc-15"/>
      </symbol>
      <symbol id="sm-e9">
         <name>TA2_N_IRQHandler</name>
         <value>0x2d7</value>
         <object_component_ref idref="oc-15"/>
      </symbol>
      <symbol id="sm-ea">
         <name>COMP_E1_IRQHandler</name>
         <value>0x2cb</value>
         <object_component_ref idref="oc-15"/>
      </symbol>
      <symbol id="sm-eb">
         <name>EUSCIB3_IRQHandler</name>
         <value>0x2eb</value>
         <object_component_ref idref="oc-15"/>
      </symbol>
      <symbol id="sm-ec">
         <name>WaitForInterrupt</name>
         <value>0x32d</value>
         <object_component_ref idref="oc-15"/>
      </symbol>
      <symbol id="sm-ed">
         <name>interruptVectors</name>
         <value>0x0</value>
         <object_component_ref idref="oc-10"/>
      </symbol>
      <symbol id="sm-ee">
         <name>EnableInterrupts</name>
         <value>0x315</value>
         <object_component_ref idref="oc-15"/>
      </symbol>
      <symbol id="sm-ef">
         <name>PORT6_IRQHandler</name>
         <value>0x30d</value>
         <object_component_ref idref="oc-15"/>
      </symbol>
      <symbol id="sm-f0">
         <name>TA0_N_IRQHandler</name>
         <value>0x2cf</value>
         <object_component_ref idref="oc-15"/>
      </symbol>
      <symbol id="sm-f1">
         <name>T32_INT1_IRQHandler</name>
         <value>0x2ef</value>
         <object_component_ref idref="oc-15"/>
      </symbol>
      <symbol id="sm-f2">
         <name>DebugMon_Handler</name>
         <value>0x2b7</value>
         <object_component_ref idref="oc-15"/>
      </symbol>
      <symbol id="sm-f3">
         <name>DMA_INT0_IRQHandler</name>
         <value>0x301</value>
         <object_component_ref idref="oc-15"/>
      </symbol>
      <symbol id="sm-f4">
         <name>PORT3_IRQHandler</name>
         <value>0x307</value>
         <object_component_ref idref="oc-15"/>
      </symbol>
      <symbol id="sm-f5">
         <name>CS_IRQHandler</name>
         <value>0x2bf</value>
         <object_component_ref idref="oc-15"/>
      </symbol>
      <symbol id="sm-107">
         <name>_c_int00</name>
         <value>0x3a5</value>
         <object_component_ref idref="oc-1e"/>
      </symbol>
      <symbol id="sm-108">
         <name>__stack</name>
         <value>0x20010000</value>
         <object_component_ref idref="oc-14"/>
      </symbol>
      <symbol id="sm-129">
         <name>C$$EXIT</name>
         <value>0x3f9</value>
         <object_component_ref idref="oc-43"/>
      </symbol>
      <symbol id="sm-12a">
         <name>abort</name>
         <value>0x3fd</value>
         <object_component_ref idref="oc-43"/>
      </symbol>
      <symbol id="sm-12b">
         <name>exit</name>
         <value>0x405</value>
         <object_component_ref idref="oc-43"/>
      </symbol>
      <symbol id="sm-12c">
         <name>__TI_dtors_ptr</name>
         <value>0x20000004</value>
         <object_component_ref idref="oc-64"/>
      </symbol>
      <symbol id="sm-12d">
         <name>__TI_cleanup_ptr</name>
         <value>0x20000000</value>
         <object_component_ref idref="oc-64"/>
      </symbol>
      <symbol id="sm-12e">
         <name>__TI_enable_exit_profile_output</name>
         <value>0x20000008</value>
         <object_component_ref idref="oc-64"/>
      </symbol>
      <symbol id="sm-138">
         <name>__mpu_init</name>
         <value>0x333</value>
         <object_component_ref idref="oc-2b"/>
      </symbol>
      <symbol id="sm-142">
         <name>_system_pre_init</name>
         <value>0x4c5</value>
         <object_component_ref idref="oc-31"/>
      </symbol>
      <symbol id="sm-14a">
         <name>main_func_sp</name>
         <value>0x20000014</value>
         <object_component_ref idref="oc-49"/>
      </symbol>
      <symbol id="sm-163">
         <name>_nop</name>
         <value>0x4bf</value>
         <object_component_ref idref="oc-8d"/>
      </symbol>
      <symbol id="sm-164">
         <name>_lock</name>
         <value>0x2000000c</value>
         <object_component_ref idref="oc-67"/>
      </symbol>
      <symbol id="sm-165">
         <name>_unlock</name>
         <value>0x20000010</value>
         <object_component_ref idref="oc-67"/>
      </symbol>
      <symbol id="sm-166">
         <name>_register_lock</name>
         <value>0x4b7</value>
         <object_component_ref idref="oc-8d"/>
      </symbol>
      <symbol id="sm-167">
         <name>_register_unlock</name>
         <value>0x4b1</value>
         <object_component_ref idref="oc-8d"/>
      </symbol>
      <symbol id="sm-17b">
         <name>_args_main</name>
         <value>0x499</value>
         <object_component_ref idref="oc-3d"/>
      </symbol>
      <symbol id="sm-1a5">
         <name>__TI_auto_init</name>
         <value>0x335</value>
         <object_component_ref idref="oc-37"/>
      </symbol>
      <symbol id="sm-1c4">
         <name>copy_in</name>
         <value>0x44d</value>
         <object_component_ref idref="oc-4f"/>
      </symbol>
      <symbol id="sm-1df">
         <name>memcpy</name>
         <value>0x1fd</value>
         <object_component_ref idref="oc-6f"/>
      </symbol>
      <symbol id="sm-1e0">
         <name>__aeabi_memcpy</name>
         <value>0x1fd</value>
         <object_component_ref idref="oc-6f"/>
      </symbol>
      <symbol id="sm-1e1">
         <name>__aeabi_memcpy8</name>
         <value>0x1fd</value>
         <object_component_ref idref="oc-6f"/>
      </symbol>
      <symbol id="sm-1e2">
         <name>__aeabi_memcpy4</name>
         <value>0x1fd</value>
         <object_component_ref idref="oc-6f"/>
      </symbol>
      <symbol id="sm-1ec">
         <name>_system_post_cinit</name>
         <value>0x4c9</value>
         <object_component_ref idref="oc-55"/>
      </symbol>
      <symbol id="sm-1ed">
         <name>__TI_Handler_Table_Base</name>
         <value>0x0</value>
      </symbol>
      <symbol id="sm-1ee">
         <name>__TI_Handler_Table_Limit</name>
         <value>0x0</value>
      </symbol>
      <symbol id="sm-1ef">
         <name>__TI_CINIT_Limit</name>
         <value>0x0</value>
      </symbol>
      <symbol id="sm-1f0">
         <name>__TI_CINIT_Base</name>
         <value>0x0</value>
      </symbol>
      <symbol id="sm-1f1">
         <name>SHT$$INIT_ARRAY$$Limit</name>
         <value>0x0</value>
      </symbol>
      <symbol id="sm-1f2">
         <name>SHT$$INIT_ARRAY$$Base</name>
         <value>0x0</value>
      </symbol>
   </symbol_table>
   <title>Link successful</title>
</link_info>
