******************************************************************************
                  TI ARM Linker PC v16.9.0                     
******************************************************************************
>> Linked Wed Feb 15 15:51:50 2017

OUTPUT FILE NAME:   <Lab2.out>
ENTRY POINT SYMBOL: "_c_int00"  address: 000003a5


MEMORY CONFIGURATION

         name            origin    length      used     unused   attr    fill
----------------------  --------  ---------  --------  --------  ----  --------
  MAIN                  00000000   00040000  000004ca  0003fb36  R  X
  INFO                  00200000   00004000  00000000  00004000  R  X
  SRAM_CODE             01000000   00010000  00000000  00010000  RW X
  SRAM_DATA             20000000   00010000  00000018  0000ffe8  RW  


SEGMENT ALLOCATION MAP

run origin  load origin   length   init length attrs members
----------  ----------- ---------- ----------- ----- -------
00000000    00000000    000004ca   000004ca    r-x
  00000000    00000000    00000144   00000144    r-- .intvecs
  00000144    00000144    00000386   00000386    r-x .text
20000000    20000000    00000018   00000018    rw-
  20000000    20000000    00000018   00000018    rw- .data


SECTION ALLOCATION MAP

 output                                  attributes/
section   page    origin      length       input sections
--------  ----  ----------  ----------   ----------------
.intvecs   0    00000000    00000144     
                  00000000    00000144     msp432_startup_ccs.obj (.intvecs)

.text      0    00000144    00000386     
                  00000144    000000b8     InputOutput.obj (.text)
                  000001fc    0000009c     rtsv7M4_T_le_v4SPD16_eabi.lib : memcpy_t2.obj (.text)
                  00000298    0000009a     msp432_startup_ccs.obj (.text)
                  00000332    00000002     rtsv7M4_T_le_v4SPD16_eabi.lib : mpu_init.obj (.text)
                  00000334    00000070                                   : autoinit.obj (.text)
                  000003a4    00000054                                   : boot.obj (.text)
                  000003f8    00000054                                   : exit.obj (.text)
                  0000044c    0000004c                                   : cpy_tbl.obj (.text)
                  00000498    00000018                                   : args_main.obj (.text)
                  000004b0    00000014                                   : _lock.obj (.text)
                  000004c4    00000004                                   : pre_init.obj (.text)
                  000004c8    00000002                                   : startup.obj (.text)

.cinit     0    00000000    00000000     UNINITIALIZED

.data      0    20000000    00000018     
                  20000000    0000000c     rtsv7M4_T_le_v4SPD16_eabi.lib : exit.obj (.data:$O1$$)
                  2000000c    00000008                                   : _lock.obj (.data:$O1$$)
                  20000014    00000004                                   : stkdepth_vars.obj (.data)

.stack     0    20010000    00000000     UNINITIALIZED

MODULE SUMMARY

       Module                   code   ro data   rw data
       ------                   ----   -------   -------
    .\
       msp432_startup_ccs.obj   154    324       0      
       InputOutput.obj          184    0         0      
    +--+------------------------+------+---------+---------+
       Total:                   338    324       0      
                                                        
    C:\ti\ccsv7\tools\compiler\ti-cgt-arm_16.9.0.LTS\lib\rtsv7M4_T_le_v4SPD16_eabi.lib
       memcpy_t2.obj            156    0         0      
       autoinit.obj             112    0         0      
       exit.obj                 84     0         12     
       boot.obj                 84     0         0      
       cpy_tbl.obj              76     0         0      
       _lock.obj                20     0         8      
       args_main.obj            24     0         0      
       pre_init.obj             4      0         0      
       stkdepth_vars.obj        0      0         4      
       mpu_init.obj             2      0         0      
       startup.obj              2      0         0      
    +--+------------------------+------+---------+---------+
       Total:                   564    0         24     
                                                        
    +--+------------------------+------+---------+---------+
       Grand Total:             902    324       24     


GLOBAL SYMBOLS: SORTED ALPHABETICALLY BY Name 

address   name                           
-------   ----                           
000002ed  ADC14_IRQHandler               
000002f5  AES256_IRQHandler              
000003f9  C$$EXIT                        
000002c9  COMP_E0_IRQHandler             
000002cb  COMP_E1_IRQHandler             
000002bf  CS_IRQHandler                  
000002f9  DMA_ERR_IRQHandler             
00000301  DMA_INT0_IRQHandler            
000002ff  DMA_INT1_IRQHandler            
000002fd  DMA_INT2_IRQHandler            
000002fb  DMA_INT3_IRQHandler            
000002b7  DebugMon_Handler               
0000030f  DisableInterrupts              
000002dd  EUSCIA0_IRQHandler             
000002df  EUSCIA1_IRQHandler             
000002e1  EUSCIA2_IRQHandler             
000002e3  EUSCIA3_IRQHandler             
000002e5  EUSCIB0_IRQHandler             
000002e7  EUSCIB1_IRQHandler             
000002e9  EUSCIB2_IRQHandler             
000002eb  EUSCIB3_IRQHandler             
00000315  EnableInterrupts               
00000325  EndCritical                    
000002c7  FLCTL_IRQHandler               
000002c5  FPU_IRQHandler                 
000002c1  PCM_IRQHandler                 
00000303  PORT1_IRQHandler               
00000305  PORT2_IRQHandler               
00000307  PORT3_IRQHandler               
00000309  PORT4_IRQHandler               
0000030b  PORT5_IRQHandler               
0000030d  PORT6_IRQHandler               
000002bd  PSS_IRQHandler                 
000002b9  PendSV_Handler                 
000002f7  RTC_C_IRQHandler               
UNDEFED   SHT$$INIT_ARRAY$$Base          
UNDEFED   SHT$$INIT_ARRAY$$Limit         
000002b5  SVC_Handler                    
0000031b  StartCritical                  
000002bb  SysTick_Handler                
000002ef  T32_INT1_IRQHandler            
000002f1  T32_INT2_IRQHandler            
000002f3  T32_INTC_IRQHandler            
000002cd  TA0_0_IRQHandler               
000002cf  TA0_N_IRQHandler               
000002d1  TA1_0_IRQHandler               
000002d3  TA1_N_IRQHandler               
000002d5  TA2_0_IRQHandler               
000002d7  TA2_N_IRQHandler               
000002d9  TA3_0_IRQHandler               
000002db  TA3_N_IRQHandler               
4000480c  WDTCTL_SYM                     
000002c3  WDT_A_IRQHandler               
0000032d  WaitForInterrupt               
20010000  __STACK_END                    
00000000  __STACK_SIZE                   
UNDEFED   __TI_CINIT_Base                
UNDEFED   __TI_CINIT_Limit               
UNDEFED   __TI_Handler_Table_Base        
UNDEFED   __TI_Handler_Table_Limit       
00000335  __TI_auto_init                 
20000000  __TI_cleanup_ptr               
20000004  __TI_dtors_ptr                 
20000008  __TI_enable_exit_profile_output
ffffffff  __TI_pprof_out_hndl            
ffffffff  __TI_prof_data_size            
ffffffff  __TI_prof_data_start           
00000000  __TI_static_base__             
000001fd  __aeabi_memcpy                 
000001fd  __aeabi_memcpy4                
000001fd  __aeabi_memcpy8                
ffffffff  __binit__                      
ffffffff  __c_args__                     
00000333  __mpu_init                     
20010000  __stack                        
00000499  _args_main                     
000003a5  _c_int00                       
2000000c  _lock                          
000004bf  _nop                           
000004b7  _register_lock                 
000004b1  _register_unlock               
000004c9  _system_post_cinit             
000004c5  _system_pre_init               
20000010  _unlock                        
000003fd  abort                          
ffffffff  binit                          
0000044d  copy_in                        
00000405  exit                           
00000000  interruptVectors               
0000017d  main                           
20000014  main_func_sp                   
000001fd  memcpy                         


GLOBAL SYMBOLS: SORTED BY Symbol Address 

address   name                           
-------   ----                           
00000000  __STACK_SIZE                   
00000000  __TI_static_base__             
00000000  interruptVectors               
0000017d  main                           
000001fd  __aeabi_memcpy                 
000001fd  __aeabi_memcpy4                
000001fd  __aeabi_memcpy8                
000001fd  memcpy                         
000002b5  SVC_Handler                    
000002b7  DebugMon_Handler               
000002b9  PendSV_Handler                 
000002bb  SysTick_Handler                
000002bd  PSS_IRQHandler                 
000002bf  CS_IRQHandler                  
000002c1  PCM_IRQHandler                 
000002c3  WDT_A_IRQHandler               
000002c5  FPU_IRQHandler                 
000002c7  FLCTL_IRQHandler               
000002c9  COMP_E0_IRQHandler             
000002cb  COMP_E1_IRQHandler             
000002cd  TA0_0_IRQHandler               
000002cf  TA0_N_IRQHandler               
000002d1  TA1_0_IRQHandler               
000002d3  TA1_N_IRQHandler               
000002d5  TA2_0_IRQHandler               
000002d7  TA2_N_IRQHandler               
000002d9  TA3_0_IRQHandler               
000002db  TA3_N_IRQHandler               
000002dd  EUSCIA0_IRQHandler             
000002df  EUSCIA1_IRQHandler             
000002e1  EUSCIA2_IRQHandler             
000002e3  EUSCIA3_IRQHandler             
000002e5  EUSCIB0_IRQHandler             
000002e7  EUSCIB1_IRQHandler             
000002e9  EUSCIB2_IRQHandler             
000002eb  EUSCIB3_IRQHandler             
000002ed  ADC14_IRQHandler               
000002ef  T32_INT1_IRQHandler            
000002f1  T32_INT2_IRQHandler            
000002f3  T32_INTC_IRQHandler            
000002f5  AES256_IRQHandler              
000002f7  RTC_C_IRQHandler               
000002f9  DMA_ERR_IRQHandler             
000002fb  DMA_INT3_IRQHandler            
000002fd  DMA_INT2_IRQHandler            
000002ff  DMA_INT1_IRQHandler            
00000301  DMA_INT0_IRQHandler            
00000303  PORT1_IRQHandler               
00000305  PORT2_IRQHandler               
00000307  PORT3_IRQHandler               
00000309  PORT4_IRQHandler               
0000030b  PORT5_IRQHandler               
0000030d  PORT6_IRQHandler               
0000030f  DisableInterrupts              
00000315  EnableInterrupts               
0000031b  StartCritical                  
00000325  EndCritical                    
0000032d  WaitForInterrupt               
00000333  __mpu_init                     
00000335  __TI_auto_init                 
000003a5  _c_int00                       
000003f9  C$$EXIT                        
000003fd  abort                          
00000405  exit                           
0000044d  copy_in                        
00000499  _args_main                     
000004b1  _register_unlock               
000004b7  _register_lock                 
000004bf  _nop                           
000004c5  _system_pre_init               
000004c9  _system_post_cinit             
20000000  __TI_cleanup_ptr               
20000004  __TI_dtors_ptr                 
20000008  __TI_enable_exit_profile_output
2000000c  _lock                          
20000010  _unlock                        
20000014  main_func_sp                   
20010000  __STACK_END                    
20010000  __stack                        
4000480c  WDTCTL_SYM                     
ffffffff  __TI_pprof_out_hndl            
ffffffff  __TI_prof_data_size            
ffffffff  __TI_prof_data_start           
ffffffff  __binit__                      
ffffffff  __c_args__                     
ffffffff  binit                          
UNDEFED   SHT$$INIT_ARRAY$$Base          
UNDEFED   SHT$$INIT_ARRAY$$Limit         
UNDEFED   __TI_CINIT_Base                
UNDEFED   __TI_CINIT_Limit               
UNDEFED   __TI_Handler_Table_Base        
UNDEFED   __TI_Handler_Table_Limit       

[92 symbols]
